// Jest Snapshot v1, https://goo.gl/fbAQLP

exports[`should render correctly 1`] = `
<WithStyles(ForwardRef(Tooltip))
  disableFocusListener={true}
  disableHoverListener={true}
  disableTouchListener={true}
  open={false}
  title="CopiÃ© !"
>
  <WithStyles(ForwardRef(IconButton))
    onClick={[Function]}
  >
    <Memo([object Object])
      fontSize="small"
    />
  </WithStyles(ForwardRef(IconButton))>
</WithStyles(ForwardRef(Tooltip))>
`;
