// Jest Snapshot v1, https://goo.gl/fbAQLP

exports[`should render correctly 1`] = `
<WithStyles(ForwardRef(Fab))
  classes={
    Object {
      "label": "makeStyles-label-1",
      "root": "",
    }
  }
  onClick={[Function]}
>
  <ForwardRef(Fade)
    in={false}
    timeout={250}
  >
    <Memo([object Object]) />
  </ForwardRef(Fade)>
  <ForwardRef(Fade)
    in={true}
    timeout={250}
  >
    <Memo([object Object])
      fontSize="small"
    />
  </ForwardRef(Fade)>
</WithStyles(ForwardRef(Fab))>
`;
